de.metas.contracts.commission.commissioninstance.services.margin.MarginCommissionConfigFactoryTest.givenValidRequest_whenCreateForNewCommissionInstances_thenReturnOneCommissionConfig=[
  [
    {
      "commissionProductId" : 1000001,
      "tradedPercent" : 10,
      "pointsPrecision" : 2,
      "marginContract" : {
        "@type" : "MarginContract",
        "id" : 1000000,
        "contractOwnerBPartnerId" : 1,
        "simulation" : false
      },
      "customerTradeMarginLineId" : 1000000
    }
  ]
]