de.metas.contracts.commission.commissioninstance.businesslogic.sales.commissiontrigger.mediatedorder.MediatedOrderFactoryTest.givenValidMediatedOrder_taxIncluded_whenForRecord_thenReturnMediatedOrderModel=[
  {
    "id" : 1000000,
    "orgId" : 1000000,
    "vendorBPartnerId" : 2,
    "orgBPartnerId" : 1,
    "orderDateAcct" : {
      "year" : 2021,
      "month" : 3,
      "day" : 18,
      "leapYear" : false
    },
    "updated" : {
      "seconds" : 1631157,
      "nanos" : 38000000
    },
    "currencyId" : 1000000,
    "mediatedOrderLines" : [
      {
        "id" : 1000000,
        "productId" : 100,
        "invoicedCommissionPoints" : 200.00,
        "updated" : {
          "seconds" : 1631157,
          "nanos" : 38000000
        },
        "orderedQty" : {
          "qty" : "10",
          "uomId" : 1000000
        }
      }
    ]
  }
]


de.metas.contracts.commission.commissioninstance.businesslogic.sales.commissiontrigger.mediatedorder.MediatedOrderFactoryTest.givenValidMediatedOrder_taxNotIncluded_whenForRecord_thenReturnMediatedOrderModel=[
  {
    "id" : 1000000,
    "orgId" : 1000000,
    "vendorBPartnerId" : 2,
    "orgBPartnerId" : 1,
    "orderDateAcct" : {
      "year" : 2021,
      "month" : 3,
      "day" : 18,
      "leapYear" : false
    },
    "updated" : {
      "seconds" : 1631157,
      "nanos" : 38000000
    },
    "currencyId" : 1000000,
    "mediatedOrderLines" : [
      {
        "id" : 1000000,
        "productId" : 100,
        "invoicedCommissionPoints" : 220,
        "updated" : {
          "seconds" : 1631157,
          "nanos" : 38000000
        },
        "orderedQty" : {
          "qty" : "10",
          "uomId" : 1000000
        }
      }
    ]
  }
]