de.metas.contracts.commission.commissioninstance.businesslogic.sales.commissiontrigger.salesinvoiceline.SalesInvoiceFactoryTest.forRecord=[ {
  "orgId" : 10,
  "id" : 1000000,
  "salesRepBPartnerId" : 20,
  "customerBPartnerId" : 30,
  "commissionDate" : "2020-03-21",
  "updated" : "2020-03-03T08:23:00.929Z",
  "triggerType" : "SalesCreditmemo",
  "currencyId" : 1000000,
  "invoiceLines" : [ {
    "id" : {
      "repoId" : 1000000,
      "invoiceId" : 1000000
    },
    "productId" : 1000000,
    "invoicedCommissionPoints" : -100,
    "updated" : "2020-03-03T08:23:00.929Z",
    "invoicedQty" : {
      "qty" : "0",
      "uomId" : 1000000
    },
    "currencyId" : 1000000
  } ]
} ]